{
    "components": {
        "B": {
            "arg_identifiers": [], 
            "dbg_line": 0, 
            "docstring": "Someone(TM) should write some documentation for this component.", 
            "inports": [
                "in"
            ], 
            "name": "B", 
            "outports": [
                "out"
            ], 
            "structure": {
                "actors": {
                    "d": {
                        "actor_type": "Identity", 
                        "args": {
                            "delay": [
                                "VALUE", 
                                0.1
                            ]
                        }, 
                        "dbg_line": 27
                    }, 
                    "e": {
                        "actor_type": "E", 
                        "args": {}, 
                        "dbg_line": 28
                    }
                }, 
                "connections": [
                    {
                        "dbg_line": 30, 
                        "dst": "e", 
                        "dst_port": "in", 
                        "src": ".", 
                        "src_port": "in"
                    }, 
                    {
                        "dbg_line": 31, 
                        "dst": "d", 
                        "dst_port": "token", 
                        "src": "e", 
                        "src_port": "out"
                    }, 
                    {
                        "dbg_line": 32, 
                        "dst": ".", 
                        "dst_port": "out", 
                        "src": "d", 
                        "src_port": "token"
                    }
                ]
            }
        }, 
        "E": {
            "arg_identifiers": [], 
            "dbg_line": 0, 
            "docstring": "Someone(TM) should write some documentation for this component.", 
            "inports": [
                "in"
            ], 
            "name": "E", 
            "outports": [
                "out"
            ], 
            "structure": {
                "actors": {
                    "f": {
                        "actor_type": "std.Identity", 
                        "args": {}, 
                        "dbg_line": 17
                    }, 
                    "g": {
                        "actor_type": "std.Identity", 
                        "args": {}, 
                        "dbg_line": 18
                    }
                }, 
                "connections": [
                    {
                        "dbg_line": 20, 
                        "dst": "f", 
                        "dst_port": "token", 
                        "src": ".", 
                        "src_port": "in"
                    }, 
                    {
                        "dbg_line": 21, 
                        "dst": "g", 
                        "dst_port": "token", 
                        "src": "f", 
                        "src_port": "token"
                    }, 
                    {
                        "dbg_line": 22, 
                        "dst": ".", 
                        "dst_port": "out", 
                        "src": "g", 
                        "src_port": "token"
                    }
                ]
            }
        }, 
        "Identity": {
            "arg_identifiers": [
                "delay"
            ], 
            "dbg_line": 0, 
            "docstring": "Someone(TM) should write some documentation for this component.", 
            "inports": [
                "token"
            ], 
            "name": "Identity", 
            "outports": [
                "token"
            ], 
            "structure": {
                "actors": {
                    "delay": {
                        "actor_type": "std.Delay", 
                        "args": {
                            "delay": [
                                "IDENTIFIER", 
                                "delay"
                            ]
                        }, 
                        "dbg_line": 8
                    }, 
                    "id": {
                        "actor_type": "std.Identity", 
                        "args": {}, 
                        "dbg_line": 6
                    }
                }, 
                "connections": [
                    {
                        "dbg_line": 10, 
                        "dst": "id", 
                        "dst_port": "token", 
                        "src": ".", 
                        "src_port": "token"
                    }, 
                    {
                        "dbg_line": 11, 
                        "dst": "delay", 
                        "dst_port": "token", 
                        "src": "id", 
                        "src_port": "token"
                    }, 
                    {
                        "dbg_line": 12, 
                        "dst": ".", 
                        "dst_port": "token", 
                        "src": "delay", 
                        "src_port": "token"
                    }
                ]
            }
        }
    }, 
    "constants": {}, 
    "sourcefile": "calvin/tests/scripts/test9.calvin", 
    "structure": {
        "actors": {
            "a": {
                "actor_type": "std.Counter", 
                "args": {}, 
                "dbg_line": 35
            }, 
            "b": {
                "actor_type": "B", 
                "args": {}, 
                "dbg_line": 36
            }, 
            "c": {
                "actor_type": "test.Sink", 
                "args": {}, 
                "dbg_line": 37
            }
        }, 
        "connections": [
            {
                "dbg_line": 39, 
                "dst": "b", 
                "dst_port": "in", 
                "src": "a", 
                "src_port": "integer"
            }, 
            {
                "dbg_line": 40, 
                "dst": "c", 
                "dst_port": "token", 
                "src": "b", 
                "src_port": "out"
            }
        ]
    }
}
