{
    "connections": {
        "access_control_demo_part4:button.state": [
            "access_control_demo_part4:camera.trigger", 
            "access_control_demo_part4:bell.play"
        ], 
        "access_control_demo_part4:camera.b64image": [
            "access_control_demo_part4:screen.b64image"
        ]
    }, 
    "port_properties": {
        "access_control_demo_part4:button": [
            {
                "direction": "out", 
                "port": "state", 
                "properties": {
                    "nbr_peers": 2
                }
            }
        ], 
        "access_control_demo_part4:camera": [
            {
                "direction": "in", 
                "port": "trigger", 
                "properties": {
                    "nbr_peers": 1
                }
            }, 
            {
                "direction": "out", 
                "port": "b64image", 
                "properties": {
                    "nbr_peers": 1
                }
            }
        ], 
        "access_control_demo_part4:screen": [
            {
                "direction": "in", 
                "port": "b64image", 
                "properties": {
                    "nbr_peers": 1
                }
            }
        ], 
        "access_control_demo_part4:bell": [
            {
                "direction": "in", 
                "port": "play", 
                "properties": {
                    "nbr_peers": 1
                }
            }
        ]
    }, 
    "valid": true, 
    "actors": {
        "access_control_demo_part4:button": {
            "args": {}, 
            "actor_type": "io.Button", 
            "signature": "489cd10a57de72e45ea1202fff45e6ae1a742ba336715264f98af4aa8b1b55d6"
        }, 
        "access_control_demo_part4:bell": {
            "args": {
                "audiofile": "dingdong.ogg"
            }, 
            "actor_type": "media.PlayAudio", 
            "signature": "eccae54926401a99a86bc2f10fe10c8b30c6064270bacdf6bedd685c6f703d51"
        }, 
        "access_control_demo_part4:screen": {
            "args": {}, 
            "actor_type": "media.ImageSink", 
            "signature": "a4dda0c10a7073d7f27a96d152ed6371dc012d7db0e92c43570b8773ff9b9fc7"
        }, 
        "access_control_demo_part4:camera": {
            "args": {}, 
            "actor_type": "media.ImageSource", 
            "signature": "24be25ab36ecd3f14d8ff9616f735cd4b72d826385715156fc2bee84179b87d9"
        }
    }, 
    "name": "access_control_demo_part4"
}