{
    "connections": {
        "access_control_demo_part1:button.state": [
            "access_control_demo_part1:check.token"
        ], 
        "access_control_demo_part1:check.token": [
            "access_control_demo_part1:bell.play"
        ]
    }, 
    "port_properties": {
        "access_control_demo_part1:check": [
            {
                "direction": "in", 
                "port": "token", 
                "properties": {
                    "nbr_peers": 1
                }
            }, 
            {
                "direction": "out", 
                "port": "token", 
                "properties": {
                    "nbr_peers": 1
                }
            }
        ], 
        "access_control_demo_part1:button": [
            {
                "direction": "out", 
                "port": "state", 
                "properties": {
                    "nbr_peers": 1
                }
            }
        ], 
        "access_control_demo_part1:bell": [
            {
                "direction": "in", 
                "port": "play", 
                "properties": {
                    "nbr_peers": 1
                }
            }
        ]
    }, 
    "valid": true, 
    "actors": {
        "access_control_demo_part1:check": {
            "args": {
                "dump": true
            }, 
            "actor_type": "std.Identity", 
            "signature": "1cd0b1f440ac8a5d1ed69108ebce63902b0383778da8ac2d9aa817f021665168"
        }, 
        "access_control_demo_part1:button": {
            "args": {}, 
            "actor_type": "io.Button", 
            "signature": "489cd10a57de72e45ea1202fff45e6ae1a742ba336715264f98af4aa8b1b55d6"
        }, 
        "access_control_demo_part1:bell": {
            "args": {
                "audiofile": "dingdong.ogg"
            }, 
            "actor_type": "media.PlayAudio", 
            "signature": "eccae54926401a99a86bc2f10fe10c8b30c6064270bacdf6bedd685c6f703d51"
        }
    }, 
    "name": "access_control_demo_part1"
}