{
    "connections": {
        "access_control_demo_part3:button.state": [
            "access_control_demo_part3:camera.trigger"
        ], 
        "access_control_demo_part3:camera.image": [
            "access_control_demo_part3:screen.image"
        ]
    }, 
    "port_properties": {
        "access_control_demo_part3:camera": [
            {
                "direction": "out", 
                "port": "image", 
                "properties": {
                    "nbr_peers": 1
                }
            }, 
            {
                "direction": "in", 
                "port": "trigger", 
                "properties": {
                    "nbr_peers": 1
                }
            }
        ], 
        "access_control_demo_part3:screen": [
            {
                "direction": "in", 
                "port": "image", 
                "properties": {
                    "nbr_peers": 1
                }
            }
        ], 
        "access_control_demo_part3:button": [
            {
                "direction": "out", 
                "port": "state", 
                "properties": {
                    "nbr_peers": 1
                }
            }
        ]
    }, 
    "valid": true, 
    "actors": {
        "access_control_demo_part3:camera": {
            "args": {}, 
            "actor_type": "media.Camera", 
            "signature": "9030eabce45c273b2f43402fa5dfd72e219937fb57978ddfabe944025b22d2fe"
        }, 
        "access_control_demo_part3:screen": {
            "args": {}, 
            "actor_type": "media.ImageRenderer", 
            "signature": "e7a548b578fa70c317dfaf8ed2d2132bde8c1f568600a13b775c5aee25d336ec"
        }, 
        "access_control_demo_part3:button": {
            "args": {}, 
            "actor_type": "io.Button", 
            "signature": "489cd10a57de72e45ea1202fff45e6ae1a742ba336715264f98af4aa8b1b55d6"
        }
    }, 
    "name": "access_control_demo_part3"
}