{
    "connections": {
        "access_control_demo_part5:button.state": [
            "access_control_demo_part5:camera.trigger"
        ], 
        "access_control_demo_part5:camera.image": [
            "access_control_demo_part5:fd.image", 
            "access_control_demo_part5:screen.image"
        ], 
        "access_control_demo_part5:fd.faces": [
            "access_control_demo_part5:bell.play"
        ]
    }, 
    "port_properties": {
        "access_control_demo_part5:bell": [
            {
                "direction": "in", 
                "port": "play", 
                "properties": {
                    "nbr_peers": 1
                }
            }
        ], 
        "access_control_demo_part5:button": [
            {
                "direction": "out", 
                "port": "state", 
                "properties": {
                    "nbr_peers": 1
                }
            }
        ], 
        "access_control_demo_part5:fd": [
            {
                "direction": "out", 
                "port": "faces", 
                "properties": {
                    "nbr_peers": 1
                }
            }, 
            {
                "direction": "in", 
                "port": "image", 
                "properties": {
                    "nbr_peers": 1
                }
            }
        ], 
        "access_control_demo_part5:camera": [
            {
                "direction": "out", 
                "port": "image", 
                "properties": {
                    "nbr_peers": 2
                }
            }, 
            {
                "direction": "in", 
                "port": "trigger", 
                "properties": {
                    "nbr_peers": 1
                }
            }
        ], 
        "access_control_demo_part5:screen": [
            {
                "direction": "in", 
                "port": "image", 
                "properties": {
                    "nbr_peers": 1
                }
            }
        ]
    }, 
    "valid": true, 
    "actors": {
        "access_control_demo_part5:bell": {
            "args": {
                "audiofile": "dingdong.ogg"
            }, 
            "actor_type": "media.PlayAudio", 
            "signature": "eccae54926401a99a86bc2f10fe10c8b30c6064270bacdf6bedd685c6f703d51"
        }, 
        "access_control_demo_part5:screen": {
            "args": {}, 
            "actor_type": "media.ImageRenderer", 
            "signature": "e7a548b578fa70c317dfaf8ed2d2132bde8c1f568600a13b775c5aee25d336ec"
        }, 
        "access_control_demo_part5:fd": {
            "args": {}, 
            "actor_type": "media.FaceDetect", 
            "signature": "4ebe5bd5b0dbcdf9d4e5a0ebc631acfb2a7147af7e5355897178b13f1758a4d2"
        }, 
        "access_control_demo_part5:camera": {
            "args": {}, 
            "actor_type": "media.Camera", 
            "signature": "9030eabce45c273b2f43402fa5dfd72e219937fb57978ddfabe944025b22d2fe"
        }, 
        "access_control_demo_part5:button": {
            "args": {}, 
            "actor_type": "io.Button", 
            "signature": "489cd10a57de72e45ea1202fff45e6ae1a742ba336715264f98af4aa8b1b55d6"
        }
    }, 
    "name": "access_control_demo_part5"
}