{
    "connections": {
        "access_control_demo_part3:button.state": [
            "access_control_demo_part3:camera.trigger"
        ], 
        "access_control_demo_part3:camera.b64image": [
            "access_control_demo_part3:screen.b64image"
        ]
    }, 
    "port_properties": {
        "access_control_demo_part3:camera": [
            {
                "direction": "out", 
                "port": "b64image", 
                "properties": {
                    "nbr_peers": 1
                }
            }, 
            {
                "direction": "in", 
                "port": "trigger", 
                "properties": {
                    "nbr_peers": 1
                }
            }
        ], 
        "access_control_demo_part3:screen": [
            {
                "direction": "in", 
                "port": "b64image", 
                "properties": {
                    "nbr_peers": 1
                }
            }
        ], 
        "access_control_demo_part3:button": [
            {
                "direction": "out", 
                "port": "state", 
                "properties": {
                    "nbr_peers": 1
                }
            }
        ]
    }, 
    "valid": true, 
    "actors": {
        "access_control_demo_part3:camera": {
            "args": {}, 
            "actor_type": "media.ImageSource", 
            "signature": "24be25ab36ecd3f14d8ff9616f735cd4b72d826385715156fc2bee84179b87d9"
        }, 
        "access_control_demo_part3:screen": {
            "args": {}, 
            "actor_type": "media.ImageSink", 
            "signature": "a4dda0c10a7073d7f27a96d152ed6371dc012d7db0e92c43570b8773ff9b9fc7"
        }, 
        "access_control_demo_part3:button": {
            "args": {}, 
            "actor_type": "io.Button", 
            "signature": "489cd10a57de72e45ea1202fff45e6ae1a742ba336715264f98af4aa8b1b55d6"
        }
    }, 
    "name": "access_control_demo_part3"
}