{
    "actors": {
        "policy_demo:camera": {
            "actor_type": "media.IPCamera", 
            "args": {}, 
            "signature": "74197391468ed744b38ce507bb433ed83ec8c62a966b9da53403c629f56697da"
        }, 
        "policy_demo:screen": {
            "actor_type": "media.ImageRenderer", 
            "args": {}, 
            "signature": "e7a548b578fa70c317dfaf8ed2d2132bde8c1f568600a13b775c5aee25d336ec"
        }, 
        "policy_demo:status": {
            "actor_type": "io.Print", 
            "args": {}, 
            "signature": "84d582e5e5c3a95bf20849693d7758370fc724809ffdcb0a4a5be1e96673ac21"
        }, 
        "policy_demo:trigger": {
            "actor_type": "std.Constant", 
            "args": {
                "data": 1
            }, 
            "signature": "fbf51915d742024c29847ed828e3d53e34d126a089540b943c8c8b77f9cbe224"
        }
    }, 
    "connections": {
        "policy_demo:camera.image": [
            "policy_demo:screen.image"
        ], 
        "policy_demo:camera.status": [
            "policy_demo:status.token"
        ], 
        "policy_demo:trigger.token": [
            "policy_demo:camera.trigger"
        ]
    }, 
    "name": "policy_demo", 
    "port_properties": {
        "policy_demo:camera": [
            {
                "direction": "in", 
                "port": "trigger", 
                "properties": {
                    "nbr_peers": 1
                }
            }, 
            {
                "direction": "out", 
                "port": "status", 
                "properties": {
                    "nbr_peers": 1
                }
            }, 
            {
                "direction": "out", 
                "port": "image", 
                "properties": {
                    "nbr_peers": 1
                }
            }
        ], 
        "policy_demo:screen": [
            {
                "direction": "in", 
                "port": "image", 
                "properties": {
                    "nbr_peers": 1
                }
            }
        ], 
        "policy_demo:status": [
            {
                "direction": "in", 
                "port": "token", 
                "properties": {
                    "nbr_peers": 1
                }
            }
        ], 
        "policy_demo:trigger": [
            {
                "direction": "out", 
                "port": "token", 
                "properties": {
                    "nbr_peers": 1
                }
            }
        ]
    }, 
    "valid": true
}