{
    "actors": {
        "testDeployScriptSimple:snk": {
            "actor_type": "test.Sink", 
            "args": {
                "quiet": 1, 
                "store_tokens": 1
            }, 
            "signature": "797d9e5483ae235af0772329ecf3d37bff628542181279a98b73fb8c748a7e7c"
        }, 
        "testDeployScriptSimple:src": {
            "actor_type": "std.CountTimer", 
            "args": {}, 
            "signature": "3bf2bdf645bf20cb21bd6134d016106923c2697f8694137a471b9121b12cb6aa"
        }
    }, 
    "connections": {
        "testDeployScriptSimple:src.integer": [
            "testDeployScriptSimple:snk.token"
        ]
    }, 
    "name": "testDeployScriptSimple", 
    "port_properties": {
        "testDeployScriptSimple:snk": [
            {
                "direction": "in", 
                "port": "token", 
                "properties": {
                    "nbr_peers": 1
                }
            }
        ], 
        "testDeployScriptSimple:src": [
            {
                "direction": "out", 
                "port": "integer", 
                "properties": {
                    "nbr_peers": 1
                }
            }
        ]
    }, 
    "valid": true
}