{
    "components": {}, 
    "constants": {}, 
    "structure": {
        "actors": {
            "snk": {
                "actor_type": "test.Sink", 
                "args": {
                    "quiet": [
                        "VALUE", 
                        1
                    ], 
                    "store_tokens": [
                        "VALUE", 
                        1
                    ]
                }, 
                "dbg_line": 5
            }, 
            "src": {
                "actor_type": "std.CountTimer", 
                "args": {}, 
                "dbg_line": 4
            }
        }, 
        "connections": [
            {
                "dbg_line": 7, 
                "dst": "snk", 
                "dst_port": "token", 
                "src": "src", 
                "src_port": "integer"
            }
        ]
    }
}
